// Jest Snapshot v1, https://goo.gl/fbAQLP

exports[`Name of the group Must be show succesfully  1`] = `
<form
  onSubmit={[Function]}
>
  <p />
  <div
    className="container-search"
  >
    <input
      onChange={[Function]}
      type="text"
      value=""
    />
  </div>
</form>
`;
